Creating backup...
✓ Backup created: ./artists-data.backup.csv

Found 64 artists


[1/64] Alfa
Fetching: https://kawaius.com/artists/acoustic-piano/alfa/
✓ Extracted bio (1101 chars)

[2/64] Rod Argent
Fetching: https://kawaius.com/artists/digital-piano/rod-argent/
✓ Extracted bio (1109 chars)

[3/64] David Arnay
Fetching: https://kawaius.com/artists/acoustic-piano/david-arnay/
✓ Extracted bio (1095 chars)

[4/64] Barry Baker
Fetching: https://kawaius.com/artists/acoustic-piano/barry-baker/
✓ Extracted bio (1243 chars)

[5/64] Michael Bearden
Fetching: https://kawaius.com/artists/acoustic-piano/michael-beardon/
✓ Extracted bio (740 chars)

[6/64] Joe Bongiorno
Fetching: https://kawaius.com/artists/acoustic-piano/joe-bongiorno/
✓ Extracted bio (1022 chars)

[7/64] Tim Brantley
Fetching: https://kawaius.com/artists/digital-piano/tim-brantley/
✓ Extracted bio (800 chars)

[8/64] Christine Brown
Fetching: https://kawaius.com/artists/acoustic-piano/christine-brown/
✓ Extracted bio (2561 chars)

[9/64] Jon Carin
Fetching: https://kawaius.com/artists/digital-piano/jon-carin/
✓ Extracted bio (1041 chars)

[10/64] Jake Clayton
Fetching: https://kawaius.com/artists/digital-piano/jake-clayton/
✓ Extracted bio (1088 chars)

[11/64] Carol Connors
Fetching: https://kawaius.com/artists/digital-piano/carol-connors/
✓ Extracted bio (378 chars)

[12/64] Boh Cooper
Fetching: https://kawaius.com/artists/digital-piano/boh-cooper/
✓ Extracted bio (483 chars)

[13/64] Rudy Currence
Fetching: https://kawaius.com/artists/digital-piano/rudy-currence/
✓ Extracted bio (1278 chars)

[14/64] Kim Deardorff
Fetching: https://kawaius.com/artists/digital-piano/kim-deardorff/
✓ Extracted bio (745 chars)

[15/64] Matt Falker
Fetching: https://kawaius.com/artists/acoustic-piano/matt-falker/
✓ Extracted bio (1357 chars)

[16/64] Junko Ueno Garrett
Fetching: https://kawaius.com/artists/acoustic-piano/junko-ueno-garrett/
✓ Extracted bio (939 chars)

[17/64] Tim Glemser
Fetching: https://kawaius.com/artists/acoustic-piano/tim-glemser/
✓ Extracted bio (1173 chars)

[18/64] Kirill Gliadkovsky
Fetching: https://kawaius.com/artists/acoustic-piano/kirill-gliadkovsky/
✓ Extracted bio (1081 chars)

[19/64] Marty Grebb
Fetching: https://kawaius.com/artists/digital-piano/marty-grebb/
✓ Extracted bio (919 chars)

[20/64] Danny Guerrero
Fetching: https://kawaius.com/artists/acoustic-piano/danny-guerrero/
✓ Extracted bio (1041 chars)

[21/64] Brad Jacobsen
Fetching: https://kawaius.com/artists/acoustic-piano/brad-jacobsen/
✓ Extracted bio (1028 chars)

[22/64] Mike Jones
Fetching: https://kawaius.com/artists/acoustic-piano/mike-jones/
✓ Extracted bio (1171 chars)

[23/64] John-Paul Kaplan
Fetching: https://kawaius.com/artists/acoustic-piano/john-paul-kaplan/
✓ Extracted bio (1091 chars)

[24/64] David Korevaar
Fetching: https://kawaius.com/artists/acoustic-piano/david-korevaar/
✓ Extracted bio (543 chars)

[25/64] Stephen Large
Fetching: https://kawaius.com/artists/digital-piano/stephen-large/
✓ Extracted bio (622 chars)

[26/64] Joshua Levy
Fetching: https://kawaius.com/artists/digital-piano/joshua-levy/
✓ Extracted bio (880 chars)

[27/64] Isha Love
Fetching: https://kawaius.com/artists/digital-piano/isha-love/
✓ Extracted bio (1300 chars)

[28/64] Francisco Loyo
Fetching: https://kawaius.com/artists/digital-piano/francisco-loyo/
✓ Extracted bio (1064 chars)

[29/64] Bobby Lyle
Fetching: https://kawaius.com/artists/acoustic-piano/bobby-lyle/
✓ Extracted bio (1092 chars)

[30/64] Yuko Maruyama
Fetching: https://kawaius.com/artists/acoustic-piano/yuko-maruyama/
✓ Extracted bio (1223 chars)

[31/64] Craig Morris
Fetching: https://kawaius.com/artists/digital-piano/craig-morris/
✓ Extracted bio (1191 chars)

[32/64] Muse
  → Bio already exists, skipping

[33/64] Steve Nieve
Fetching: https://kawaius.com/artists/digital-piano/steve-nieve/
✓ Extracted bio (940 chars)

[34/64] Nichole Nordeman
Fetching: https://kawaius.com/artists/acoustic-piano/nichole-nordeman/
✓ Extracted bio (1019 chars)

[35/64] Christopher Norton
Fetching: https://kawaius.com/artists/acoustic-piano/christopher-norton/
✓ Extracted bio (1134 chars)

[36/64] OneRepublic
  → Bio already exists, skipping

[37/64] Rae Ann Perez
Fetching: https://kawaius.com/artists/acoustic-piano/rae-ann-perez/
✓ Extracted bio (1461 chars)

[38/64] Scars on 45
Fetching: https://kawaius.com/artists/digital-piano/scars-on-45/
✓ Extracted bio (1802 chars)

[39/64] Neil Sedaka
Fetching: https://kawaius.com/artists/acoustic-piano/neil-sedaka/
✓ Extracted bio (1097 chars)

[40/64] Mark Siegel
Fetching: https://kawaius.com/artists/digital-piano/mark-siegel/
✓ Extracted bio (812 chars)

[41/64] Laura Story
Fetching: https://kawaius.com/artists/digital-piano/laura-story/
✓ Extracted bio (1155 chars)

[42/64] Phil Thompson
Fetching: https://kawaius.com/artists/acoustic-piano/phil-thompson/
✓ Extracted bio (1456 chars)

[43/64] Michelle Tumes
Fetching: https://kawaius.com/artists/digital-piano/michelle-tumes/
✓ Extracted bio (923 chars)

[44/64] Alina Uddin
Fetching: https://kawaius.com/artists/acoustic-piano/alina-uddin/
✓ Extracted bio (842 chars)

[45/64] Scott Watkins
Fetching: https://kawaius.com/artists/acoustic-piano/scott-watkins/
✓ Extracted bio (923 chars)

[46/64] Clayton Watson
Fetching: https://kawaius.com/artists/acoustic-piano/clayton-watson/
✓ Extracted bio (1464 chars)

[47/64] Jason D. Williams
Fetching: https://kawaius.com/artists/digital-piano/jason-d-williams/
✓ Extracted bio (1159 chars)

[48/64] David Witham
Fetching: https://kawaius.com/artists/digital-piano/david-witham/
✓ Extracted bio (1547 chars)

[49/64] Joe Yamada
Fetching: https://kawaius.com/artists/acoustic-piano/joe-yamada/
✓ Extracted bio (1144 chars)

[50/64] Joseph Akins
Fetching: https://kawaius.com/artists/acoustic-piano/joseph-akins/
✓ Extracted bio (1097 chars)

[51/64] Dan Haerle
Fetching: https://kawaius.com/artists/acoustic-piano/dan-haerle/
✓ Extracted bio (1385 chars)

[52/64] Yan Shen
Fetching: https://kawaius.com/artists/acoustic-piano/yan-shen/
✓ Extracted bio (0 chars)

[53/64] AyseDeniz Gokcin
Fetching: https://kawaius.com/artists/acoustic-piano/aysedeniz-gokcin/
✓ Extracted bio (2769 chars)

[54/64] Dr Jelena Vladikovic
Fetching: https://kawaius.com/artists/acoustic-piano/dr-jelena-vladikovic/
✓ Extracted bio (1945 chars)

[55/64] Joey Lieber
Fetching: https://kawaius.com/artists/acoustic-piano/joey-lieber/
✓ Extracted bio (1411 chars)

[56/64] Antonia Daskalova
Fetching: https://kawaius.com/artists/acoustic-piano/antonia-daskalova/
✓ Extracted bio (2236 chars)

[57/64] Steven Curtis Chapman
  → Bio already exists, skipping

[58/64] Barry Conrad
Fetching: https://kawaius.com/artists/acoustic-piano,digital-piano,piano/barry-conrad/
✓ Extracted bio (2273 chars)

[59/64] Vardan Ovsepian
  → Bio already exists, skipping

[60/64] Michael Seaman
  → Bio already exists, skipping

[61/64] David Snyder
  → Bio already exists, skipping

[62/64] Artem Kuznetsov
Fetching: https://kawaius.com/artists/acoustic-piano,digital-piano/artem-kuznetsov/
✓ Extracted bio (524 chars)

[63/64] Sergio De Miguel
Fetching: https://kawaius.com/artists/acoustic-piano,digital-piano/sergio-de-miguel/
✓ Extracted bio (2817 chars)

[64/64] Artur Zakiyan
Fetching: https://kawaius.com/artists/acoustic-piano,digital-piano/artur-zakiyan/
✓ Extracted bio (533 chars)


Writing updated CSV...

✓ Updated ./artists-data.csv
✓ Backup available at ./artists-data.backup.csv

📊 Stats:
   Total artists: 64
   With bios: 63
